 Task :app:mergeFullReleaseResources
warn: removing resource com.etrisad.zenith:string/recent without required default value.
warn: removing resource com.etrisad.zenith:string/usage without required default value.
warn: removing resource com.etrisad.zenith:string/usage_recent without required default value.

> Task :app:processFullReleaseResources
> Task :app:kspFullReleaseKotlin
> Task :app:compileFullReleaseKotlin
e: file:///home/runner/work/Zenith/Zenith/app/src/main/java/com/etrisad/zenith/ui/screens/bedtime/BedtimeScreen.kt:406:25 No parameter with name 'text' found.
e: file:///home/runner/work/Zenith/Zenith/app/src/main/java/com/etrisad/zenith/ui/screens/settings/AppearanceSettings.kt:12:27 Conflicting import: imported name 'R' is ambiguous.
e: file:///home/runner/work/Zenith/Zenith/app/src/main/java/com/etrisad/zenith/ui/screens/settings/AppearanceSettings.kt:16:27 Conflicting import: imported name 'R' is ambiguous.
e: file:///home/runner/work/Zenith/Zenith/app/src/main/java/com/etrisad/zenith/ui/screens/settings/FeaturesSettings.kt:26:27 Conflicting import: imported name 'R' is ambiguous.
e: file:///home/runner/work/Zenith/Zenith/app/src/main/java/com/etrisad/zenith/ui/screens/settings/FeaturesSettings.kt:34:27 Conflicting import: imported name 'R' is ambiguous.
e: file:///home/runner/work/Zenith/Zenith/app/src/main/java/com/etrisad/zenith/ui/screens/settings/FeaturesSettings.kt:117:136 Unresolved reference 'show_current_event_desc_no_permission'.
e: file:///home/runner/work/Zenith/Zenith/app/src/main/java/com/etrisad/zenith/ui/screens/settings/SettingsCategoryScreen.kt:18:27 Conflicting import: imported name 'R' is ambiguous.
e: file:///home/runner/work/Zenith/Zenith/app/src/main/java/com/etrisad/zenith/ui/screens/settings/SettingsCategoryScreen.kt:37:27 Conflicting import: imported name 'R' is ambiguous.
